Enter a time: 
You entered "10:asdf"
Runtime error: Invalid time
