Reading first matrix
Enter the number of rows and columns: 
Enter the elements of the matrix: 

Successfully read a matrix with dimensions 3 x 3
M1: 
1 2 3 
4 5 6 
7 8 9 
Reading second matrix
Enter the number of rows and columns: 
Enter the elements of the matrix: 

Successfully read a matrix with dimensions 3 x 3
M2: 
9 8 7 
6 5 4 
3 2 1 
Sum of M1 and M2: 
10 10 10 
10 10 10 
10 10 10 
Trace of M1: 15
