Enter a time: 
You entered "25:30"
Runtime error: Invalid time
