Integer stack contents: 116 17 6 
String stack contents: Grapefruit Pear Raspberry 
