Fruits with price 10: Pear Raspberry 
Courses requiring MATH 100: MATH 101 MATH 122 
A grades: 87 88 
