Enter a string: The input is: "here are some symbols: #$@%@#$"
With capital letters removed: "here are some symbols: #$@%@#$"
The input contains 0 uppercase letters and 18 lowercase letters.
