Reading first matrix
Enter the number of rows and columns: 
Enter the elements of the matrix: 

Successfully read a matrix with dimensions 3 x 3
M1: 
1 2 3 
4 5 6 
7 8 9 
Reading second matrix
Enter the number of rows and columns: 
Enter the elements of the matrix: 

Successfully read a matrix with dimensions 2 x 2
M2: 
1 1 
2 2 
M1 == M2? false
M1 != M2? true
2*M1:
2 4 6 
8 10 12 
14 16 18 
3*M1:
3 6 9 
12 15 18 
21 24 27 
M1*4:
4 8 12 
16 20 24 
28 32 36 
M1+M2:
Error: Incompatible dimensions
