Reading first matrix
Enter the number of rows and columns: 
Enter the elements of the matrix: 

Successfully read a matrix with dimensions 3 x 3
M1: 
1 2 3 
4 5 6 
7 8 9 
Reading second matrix
Enter the number of rows and columns: 
Enter the elements of the matrix: 

Successfully read a matrix with dimensions 4 x 4
M2: 
10 11 12 13 
14 15 16 17 
17 16 15 14 
13 12 11 10 
M1 == M2? false
M1 != M2? true
2*M1:
2 4 6 
8 10 12 
14 16 18 
3*M1:
3 6 9 
12 15 18 
21 24 27 
M1*4:
4 8 12 
16 20 24 
28 32 36 
M1+M2:
Error: Incompatible dimensions
