An airbag saved my life
I'm amazed that I survived
In a fast german car
In a deep deep sleep of the innocent
I am back to save the universe
In an interstellar burst
I am born again
Scrolling up and down
In the neon sign

I am born again 
In a jackknifed juggernaut 
In the next world war
