Another line
The line above is empty

And this is not.
This is the Sea.
