yb depoleved egaugnal gnimmargorp level-elddim a si ++C
.sbaL lleB ta 9791 ni gnitrats purtsuortS enrajB

,swodniW sa hcus ,smroftalp fo yteirav a no snur ++C
.XINU fo snoisrev suoirav eht dna ,SO caM
