Enter initial hour: 
Enter initial minute: 
Runtime error: Invalid time
