Enter the value of n: Identity (6 x 6):
1 0 0 0 0 0 
0 1 0 0 0 0 
0 0 1 0 0 0 
0 0 0 1 0 0 
0 0 0 0 1 0 
0 0 0 0 0 1 
Hilbert (6 x 6):
1 0.5 0.333333 0.25 0.2 0.166667 
0.5 0.333333 0.25 0.2 0.166667 0.142857 
0.333333 0.25 0.2 0.166667 0.142857 0.125 
0.25 0.2 0.166667 0.142857 0.125 0.111111 
0.2 0.166667 0.142857 0.125 0.111111 0.1 
0.166667 0.142857 0.125 0.111111 0.1 0.0909091 
Sum of I and H:
2 0.5 0.333333 0.25 0.2 0.166667 
0.5 1.33333 0.25 0.2 0.166667 0.142857 
0.333333 0.25 1.2 0.166667 0.142857 0.125 
0.25 0.2 0.166667 1.14286 0.125 0.111111 
0.2 0.166667 0.142857 0.125 1.11111 0.1 
0.166667 0.142857 0.125 0.111111 0.1 1.09091 
