Enter a sequence of integers, ending with -1: 
Vector VI: 100 200 600 900 106 116 111 
Enter a sequence of words: 
Vector VS: Monday Tuesday Wednesday Thursday Friday 

print_vector_alternating: 100 600 106 111 

double_vector_elements: MondayMonday TuesdayTuesday WednesdayWednesday ThursdayThursday FridayFriday 

negate_alternating: -100 200 -600 900 -106 116 -111 

print_vector_offset (offset 6): 106 206 606 906 112 122 117 

print_vector_offset (offset 9): 109 209 609 909 115 125 120 

sum_vector(VI): 2133
sum_vector(VS): MondayTuesdayWednesdayThursdayFriday

sum_vector_templated(VI): 2133
sum_vector_templated(VS): MondayTuesdayWednesdayThursdayFriday

longest_string(VS): Wednesday

