vector of ints: 17 6 10 
Sum: 33
set of ints: 106 111 116 371 
Sum: 704
vector of strings: Hello   World 
Sum: Hello World
set of ints: Pear Pineapple Raspberry 
Sum: PearPineappleRaspberry
