Read 0 grades
Original grades: 
Average: 0
Median: 0
Grades with zeros removed: 
Average (zeros excluded): 0
Median (zeros excluded): 0
