Read 6 grades
Original grades: 7 9 2 3 1 4 
Average: 4.33333
Median: 3.5
Grades with zeros removed: 7 9 2 3 1 4 
Average (zeros excluded): 4.33333
Median (zeros excluded): 3.5
