Read 5 grades
Original grades: 1 2 3 0 0 
Average: 1.2
Median: 1
Grades with zeros removed: 1 2 3 
Average (zeros excluded): 2
Median (zeros excluded): 2
